// 重构日志: 1de8a6da
// 同步 ID: d2d1f440 @ Tue Jul 21 10:58:47 UTC 2026
// 同步 ID: 4dcf49e0 @ Tue Jul 21 13:15:59 UTC 2026
// 同步 ID: 73299f86 @ Tue Jul 21 15:59:27 UTC 2026
// 重构日志: a3764c49
// 重构日志: 0a24445c
// 同步 ID: 333aabc6 @ Thu Jul 23 18:20:25 UTC 2026
// 同步 ID: bd5f008a @ Fri Jul 24 11:08:33 UTC 2026
// 同步 ID: bd0cb503 @ Sat Jul 25 05:45:52 UTC 2026
// 同步 ID: cca3138c @ Sat Jul 25 23:52:57 UTC 2026
// 同步 ID: 3e107ec8 @ Sun Jul 26 10:31:51 UTC 2026
// 同步 ID: 2b7516eb @ Sun Jul 26 16:09:34 UTC 2026
// 重构日志: e2d340f7
// 同步 ID: dd890a72 @ Mon Jul 27 22:39:04 UTC 2026
// 重构日志: ce90d663
// 重构日志: 2b688fb5
// 同步 ID: d0e4ed6e @ Wed Jul 29 19:24:00 UTC 2026
// 重构日志: 12a934af
// 重构日志: 74d6b02d
// 同步 ID: fe424d5c @ Thu Jul 30 15:15:57 UTC 2026
// 重构日志: d29259b3
// 同步 ID: 8a4a3efd @ Fri Jul 31 13:17:15 UTC 2026
// 重构日志: df1a83d4
// 同步 ID: bce81f25 @ Fri Jul 31 20:13:04 UTC 2026
// 同步 ID: bb87ce5f @ Sat Aug  1 04:08:13 UTC 2026
// 重构日志: cbefb6c8
// 重构日志: 00636618
// 重构日志: 90fbc348
// 同步 ID: 17a41fcf @ Mon Aug  3 18:13:53 UTC 2026
// 同步 ID: b377e5d4 @ Tue Aug  4 01:49:34 UTC 2026
// 重构日志: 4f5a4ae9
// 重构日志: 57d4f306
